// Jest Snapshot v1, https://goo.gl/fbAQLP

exports[`Basic snapshot 1`] = `
<div
  className="configurable-form-builder"
>
  <h1>
    Sample Config Form Title
  </h1>
  <form>
    <div>
      <label>
        Name
      </label>
      <input
        id="id"
        name="id"
        onChange={[Function]}
        type="text"
        value=""
      />
    </div>
    <div>
      <label>
        Status
      </label>
      <select
        defaultValue="noSelection"
        id="status"
        onChange={[Function]}
      >
        <option
          value=""
        >
           
        </option>
        <option
          value="active"
        >
          active
        </option>
        <option
          value="error"
        >
          error
        </option>
        <option
          value="pending"
        >
          pending
        </option>
      </select>
    </div>
    <button
      className="primary"
      onClick={[Function]}
    >
      Search
    </button>
  </form>
</div>
`;
